13-04-2019 22:04:29 root:INFO:登录完成
13-04-2019 22:04:33 root:WARNING:无新的提交
13-04-2019 22:04:36 root:WARNING:无新的提交
13-04-2019 22:04:39 root:WARNING:无新的提交
13-04-2019 22:04:43 root:WARNING:无新的提交
13-04-2019 22:04:46 root:WARNING:无新的提交
